../Core/Src/main.c:74:13:Frame_SetPixel	16	static
../Core/Src/main.c:90:13:Delay_us	16	static
../Core/Src/main.c:99:13:Shift_Write	24	static
../Core/Src/main.c:112:13:Button_Update	16	static
../Core/Src/main.c:136:13:DisplayFrames	48	static
../Core/Src/main.c:200:13:Starfall	16	static
../Core/Src/main.c:261:16:IsHeartPixel	24	static
../Core/Src/main.c:288:17:Random_Get	4	static
../Core/Src/main.c:297:13:RandomComet	40	static
../Core/Src/main.c:464:5:main	8	static
../Core/Src/main.c:537:6:SystemClock_Config	72	static
../Core/Src/main.c:574:13:MX_SPI1_Init	8	static
../Core/Src/main.c:612:13:MX_TIM2_Init	32	static
../Core/Src/main.c:657:13:MX_GPIO_Init	32	static
../Core/Src/main.c:696:6:Error_Handler	4	static,ignoring_inline_asm
